// Jest Snapshot v1, https://goo.gl/fbAQLP

exports[`App redux connected component test App snapshot test 1`] = `
ShallowWrapper {
  Symbol(enzyme.__root__): [Circular],
  Symbol(enzyme.__unrendered__): <App
    onRequestRobots={[Function]}
    robots={
        Array [
            Object {
              "email": "john@SpeechGrammarList.com",
              "id": 1,
              "name": "John snow",
            },
            Object {
              "email": "jane@SpeechGrammarList.com",
              "id": 2,
              "name": "jane snow",
            },
            Object {
              "email": "chris@SpeechGrammarList.com",
              "id": 3,
              "name": "Chris snow",
            },
          ]
    }
    searchField=""
/>,
  Symbol(enzyme.__renderer__): Object {
    "batchedUpdates": [Function],
    "checkPropTypes": [Function],
    "getNode": [Function],
    "render": [Function],
    "simulateError": [Function],
    "simulateEvent": [Function],
    "unmount": [Function],
  },
  Symbol(enzyme.__node__): Object {
    "instance": null,
    "key": undefined,
    "nodeType": "host",
    "props": Object {
      "children": Array [
        <Header />,
        <SearchBox
          searchChange={undefined}
/>,
        <Scroll>
          <ErrorBoundary>
                    <CardList
                              robots={
                                        Array [
                                                  Object {
                                                    "email": "john@SpeechGrammarList.com",
                                                    "id": 1,
                                                    "name": "John snow",
                                                  },
                                                  Object {
                                                    "email": "jane@SpeechGrammarList.com",
                                                    "id": 2,
                                                    "name": "jane snow",
                                                  },
                                                  Object {
                                                    "email": "chris@SpeechGrammarList.com",
                                                    "id": 3,
                                                    "name": "Chris snow",
                                                  },
                                                ]
                              }
                    />
          </ErrorBoundary>
</Scroll>,
      ],
      "className": "tc",
    },
    "ref": null,
    "rendered": Array [
      Object {
        "instance": null,
        "key": undefined,
        "nodeType": "class",
        "props": Object {},
        "ref": null,
        "rendered": null,
        "type": [Function],
      },
      Object {
        "instance": null,
        "key": undefined,
        "nodeType": "function",
        "props": Object {
          "searchChange": undefined,
        },
        "ref": null,
        "rendered": null,
        "type": [Function],
      },
      Object {
        "instance": null,
        "key": undefined,
        "nodeType": "function",
        "props": Object {
          "children": <ErrorBoundary>
            <CardList
                        robots={
                                    Array [
                                                Object {
                                                  "email": "john@SpeechGrammarList.com",
                                                  "id": 1,
                                                  "name": "John snow",
                                                },
                                                Object {
                                                  "email": "jane@SpeechGrammarList.com",
                                                  "id": 2,
                                                  "name": "jane snow",
                                                },
                                                Object {
                                                  "email": "chris@SpeechGrammarList.com",
                                                  "id": 3,
                                                  "name": "Chris snow",
                                                },
                                              ]
                        }
            />
</ErrorBoundary>,
        },
        "ref": null,
        "rendered": Object {
          "instance": null,
          "key": undefined,
          "nodeType": "class",
          "props": Object {
            "children": <CardList
              robots={
                            Array [
                                          Object {
                                            "email": "john@SpeechGrammarList.com",
                                            "id": 1,
                                            "name": "John snow",
                                          },
                                          Object {
                                            "email": "jane@SpeechGrammarList.com",
                                            "id": 2,
                                            "name": "jane snow",
                                          },
                                          Object {
                                            "email": "chris@SpeechGrammarList.com",
                                            "id": 3,
                                            "name": "Chris snow",
                                          },
                                        ]
              }
/>,
          },
          "ref": null,
          "rendered": Object {
            "instance": null,
            "key": undefined,
            "nodeType": "function",
            "props": Object {
              "robots": Array [
                Object {
                  "email": "john@SpeechGrammarList.com",
                  "id": 1,
                  "name": "John snow",
                },
                Object {
                  "email": "jane@SpeechGrammarList.com",
                  "id": 2,
                  "name": "jane snow",
                },
                Object {
                  "email": "chris@SpeechGrammarList.com",
                  "id": 3,
                  "name": "Chris snow",
                },
              ],
            },
            "ref": null,
            "rendered": null,
            "type": [Function],
          },
          "type": [Function],
        },
        "type": [Function],
      },
    ],
    "type": "div",
  },
  Symbol(enzyme.__nodes__): Array [
    Object {
      "instance": null,
      "key": undefined,
      "nodeType": "host",
      "props": Object {
        "children": Array [
          <Header />,
          <SearchBox
            searchChange={undefined}
/>,
          <Scroll>
            <ErrorBoundary>
                        <CardList
                                    robots={
                                                Array [
                                                            Object {
                                                              "email": "john@SpeechGrammarList.com",
                                                              "id": 1,
                                                              "name": "John snow",
                                                            },
                                                            Object {
                                                              "email": "jane@SpeechGrammarList.com",
                                                              "id": 2,
                                                              "name": "jane snow",
                                                            },
                                                            Object {
                                                              "email": "chris@SpeechGrammarList.com",
                                                              "id": 3,
                                                              "name": "Chris snow",
                                                            },
                                                          ]
                                    }
                        />
            </ErrorBoundary>
</Scroll>,
        ],
        "className": "tc",
      },
      "ref": null,
      "rendered": Array [
        Object {
          "instance": null,
          "key": undefined,
          "nodeType": "class",
          "props": Object {},
          "ref": null,
          "rendered": null,
          "type": [Function],
        },
        Object {
          "instance": null,
          "key": undefined,
          "nodeType": "function",
          "props": Object {
            "searchChange": undefined,
          },
          "ref": null,
          "rendered": null,
          "type": [Function],
        },
        Object {
          "instance": null,
          "key": undefined,
          "nodeType": "function",
          "props": Object {
            "children": <ErrorBoundary>
              <CardList
                            robots={
                                          Array [
                                                        Object {
                                                          "email": "john@SpeechGrammarList.com",
                                                          "id": 1,
                                                          "name": "John snow",
                                                        },
                                                        Object {
                                                          "email": "jane@SpeechGrammarList.com",
                                                          "id": 2,
                                                          "name": "jane snow",
                                                        },
                                                        Object {
                                                          "email": "chris@SpeechGrammarList.com",
                                                          "id": 3,
                                                          "name": "Chris snow",
                                                        },
                                                      ]
                            }
              />
</ErrorBoundary>,
          },
          "ref": null,
          "rendered": Object {
            "instance": null,
            "key": undefined,
            "nodeType": "class",
            "props": Object {
              "children": <CardList
                robots={
                                Array [
                                                Object {
                                                  "email": "john@SpeechGrammarList.com",
                                                  "id": 1,
                                                  "name": "John snow",
                                                },
                                                Object {
                                                  "email": "jane@SpeechGrammarList.com",
                                                  "id": 2,
                                                  "name": "jane snow",
                                                },
                                                Object {
                                                  "email": "chris@SpeechGrammarList.com",
                                                  "id": 3,
                                                  "name": "Chris snow",
                                                },
                                              ]
                }
/>,
            },
            "ref": null,
            "rendered": Object {
              "instance": null,
              "key": undefined,
              "nodeType": "function",
              "props": Object {
                "robots": Array [
                  Object {
                    "email": "john@SpeechGrammarList.com",
                    "id": 1,
                    "name": "John snow",
                  },
                  Object {
                    "email": "jane@SpeechGrammarList.com",
                    "id": 2,
                    "name": "jane snow",
                  },
                  Object {
                    "email": "chris@SpeechGrammarList.com",
                    "id": 3,
                    "name": "Chris snow",
                  },
                ],
              },
              "ref": null,
              "rendered": null,
              "type": [Function],
            },
            "type": [Function],
          },
          "type": [Function],
        },
      ],
      "type": "div",
    },
  ],
  Symbol(enzyme.__options__): Object {
    "adapter": ReactSixteenAdapter {
      "options": Object {
        "enableComponentDidUpdateOnSetState": true,
        "legacyContextMode": "parent",
        "lifecycles": Object {
          "componentDidUpdate": Object {
            "onSetState": true,
          },
          "getChildContext": Object {
            "calledByRenderer": false,
          },
          "getDerivedStateFromError": false,
          "getDerivedStateFromProps": Object {
            "hasShouldComponentUpdateBug": false,
          },
          "getSnapshotBeforeUpdate": true,
          "setState": Object {
            "skipsComponentDidUpdateOnNullish": true,
          },
        },
      },
    },
    Symbol(enzyme.__providerValues__): undefined,
  },
  Symbol(enzyme.__providerValues__): Map {},
  Symbol(enzyme.__childContext__): null,
}
`;
